// Jest Snapshot v1, https://goo.gl/fbAQLP

exports[`CustomRadioButtonGroup test tests CustomRadioButtonGroup renders correctly  1`] = `
<div
  className="radio-group css-1m1zyep"
>
  <div>
    <label
      className="checked"
    >
      <input
        defaultChecked={true}
        name="custom-radio-button"
        onClick={[Function]}
        type="radio"
        value={0}
      />
      radioData1
    </label>
  </div>
  <div>
    <label
      className=""
    >
      <input
        defaultChecked={false}
        name="custom-radio-button"
        onClick={[Function]}
        type="radio"
        value={1}
      />
      radioData2
    </label>
  </div>
  <div>
    <label
      className=""
    >
      <input
        defaultChecked={false}
        name="custom-radio-button"
        onClick={[Function]}
        type="radio"
        value={2}
      />
      radioData3
    </label>
  </div>
</div>
`;
