// Jest Snapshot v1, https://goo.gl/fbAQLP

exports[`WelcomPage test tests WelcomPage renders correctly  1`] = `
<div
  className="css-1slhr4m"
>
  <div
    className="css-1pcjs3q"
  >
    <h1>
      Mise en place
    </h1>
    <p>
      Mise en place is a French culinary phrase which means "putting in place" or "everything in its place". It refers to the setup required before cooking and is often used in professional kitchens to refer to organizing and arranging the ingredients. Relates this mindset to programming, preparing UI components before you implement an actual project is the most efficient and organized way to develop great work.
    </p>
  </div>
</div>
`;
